

@S |Clock Optimization Summary


#### START OF CLOCK OPTIMIZATION REPORT #####[

Clock optimization not enabled
1 non-gated/non-generated clock tree(s) driving 89 clock pin(s) of sequential element(s)
1 gated/generated clock tree(s) driving 18 clock pin(s) of sequential element(s)
0 instances converted, 18 sequential instances remain driven by gated/generated clocks

================================== Non-Gated/Non-Generated Clocks ===================================
Clock Tree ID     Driving Element     Drive Element Type     Fanout     Sample Instance              
-----------------------------------------------------------------------------------------------------
@K:CKID0002       MClk                port                   89         Inst_address_latch.Address[7]
=====================================================================================================
=============================================================================== Gated/Generated Clocks ================================================================================
Clock Tree ID     Driving Element                 Drive Element Type     Fanout     Sample Instance            Explanation                                                             
---------------------------------------------------------------------------------------------------------------------------------------------------------------------------------------
@K:CKID0001       Inst_ClockDivider_2.iPwmClk     DFN1                   18         Inst_Pwm_2.PwmCount[8]     No generated or derived clock directive on output of sequential instance
=======================================================================================================================================================================================


##### END OF CLOCK OPTIMIZATION REPORT ######]

